ARM GAS  test.s 			page 1


   1              	.global _start
   2              	
   3              	_start:
   4              	
   5              	@//汇编代码
   6              	
   7 0000 0100A0E3 	    mov r0,#1         @//(1)操作数2 为 立即数
   8 0004 0010A0E1 		mov r1,r0         @//(2)操作数2 为 寄存器
   9 0008 8120A0E1 		mov r2,r1,lsl #1  @//(3)操作数2 为 寄存器移位形式
  10 000c 0130E0E3 		mvn r3,#1         @// 取反的值给r3
  11              		
  12 0010 0100E0E3 		mov r0,#0xFFFFFFFE
  13 0014 0100E0E3 	    mvn r0,#1	
  14              	
  15              	stop: 
  16 0018 FEFFFFEA 		 b stop
ARM GAS  test.s 			page 2


DEFINED SYMBOLS
                            *ABS*:000001ce __GCC_VERSION
                            *ABS*:00000001 __GCC
                            *ABS*:00000208 __UVISION_VERSION
              test.s:3      .text:00000000 _start
              test.s:7      .text:00000000 $a
              test.s:15     .text:00000018 stop
                   .debug_aranges:0000000c $d

NO UNDEFINED SYMBOLS
