ARM GAS  test.s 			page 1


   1              	.global _start
   2              	
   3              	_start:
   4 0000 FF00A0E3 	    mov r0,#255
   5 0004 8010A0E1 	    mov r1,r0,lsl #1  @//¬ﬂº≠◊Û“∆
   6 0008 A010A0E1 	    mov r1,r0,lsr #1  @//¬ﬂº≠”““∆
   7              		
   8 000c C010A0E1 		mov r1,r0,asr #1  @//À„ ı”““∆
   9 0010 E010A0E1 	    mov r1,r0,ror #1  @//—≠ª∑”““∆
  10              		
  11 0014 C010B0E1 		movs r1,r0,asr #1  @//À„ ı”““∆
  12 0018 E010B0E1 	    movs r1,r0,ror #1  @//—≠ª∑”““∆
  13              		
  14              		
  15              		
  16 001c 0000E0E3 		mov r0,#-1
  17 0020 8010A0E1 	    mov r1,r0,lsl #1  @//¬ﬂº≠◊Û“∆
  18 0024 A010A0E1 	    mov r1,r0,lsr #1  @//¬ﬂº≠”““∆
  19              		
  20 0028 C010A0E1 		mov r1,r0,asr #1  @//À„ ı”““∆
  21 002c E010A0E1 	    mov r1,r0,ror #1  @//—≠ª∑”““∆
  22              		
  23 0030 C010B0E1 		movs r1,r0,asr #1  @//À„ ı”““∆
  24 0034 E010B0E1 	    movs r1,r0,ror #1  @//—≠ª∑”““∆
  25              		
  26              	stop: 
  27 0038 FEFFFFEA 		 b stop
ARM GAS  test.s 			page 2


DEFINED SYMBOLS
                            *ABS*:000001ce __GCC_VERSION
                            *ABS*:00000001 __GCC
                            *ABS*:00000208 __UVISION_VERSION
              test.s:3      .text:00000000 _start
              test.s:4      .text:00000000 $a
              test.s:26     .text:00000038 stop
                   .debug_aranges:0000000c $d

NO UNDEFINED SYMBOLS
